# addEdge method Testing file

# check that the Edge was added to the graph
created node n1 with cost 5
created node n2 with cost 2
created graph graph1
added node n1 to graph1
added node n2 to graph1
added edge from n1 to n2 in graph1
the children of n1 in graph1 are: n2
the children of n2 in graph1 are:

created node n3 with cost 9
created node n4 with cost 4
added edge from n1 to n1 in graph1
the children of n1 in graph1 are: n1 n2

