# getNodes method Testing file

created graph graph1
graph1 contains:

created node n1 with cost 5
added node n1 to graph1
graph1 contains: n1

created node n2 with cost 2
added node n2 to graph1
graph1 contains: n1 n2

created node n3 with cost 9
created node n4 with cost 4
created node n5 with cost 5
added node n3 to graph1
added node n4 to graph1
added node n5 to graph1
graph1 contains: n1 n2 n3 n4 n5
